python : INFO:2026-02-24 20:08:00,616:jax._src.xla_bridge:810: Unable to initialize backend 'tpu
': UNIMPLEMENTED: LoadPjrtPlugin is not implemented on windows yet.
위치 줄:1 문자:1
+ python tests/test_semantic_atmosphere.py > tests/test_output.txt 2>&1
+ ~~~~~~~~~~~~~~~~~~~~~~~~~~~~~~~~~~~~~~~~~~~~~~~~~~~~~~~~~~~~~~~~~~~~~
    + CategoryInfo          : NotSpecified: (INFO:2026-02-24...on windows yet.:String) [], Remo 
   teException
    + FullyQualifiedErrorId : NativeCommandError
 
Traceback (most recent call last):
  File "C:\Elysia\tests\test_semantic_atmosphere.py", line 68, in <module>
    verify_semantic_atmosphere()
    ~~~~~~~~~~~~~~~~~~~~~~~~~~^^
  File "C:\Elysia\tests\test_semantic_atmosphere.py", line 13, in verify_semantic_atmosphere
    print("\U0001f30c [TEST] Initiating Semantic Atmosphere Verification...")
    ~~~~~^^^^^^^^^^^^^^^^^^^^^^^^^^^^^^^^^^^^^^^^^^^^^^^^^^^^^^^^^^^^
UnicodeEncodeError: 'cp949' codec can't encode character '\U0001f30c' in position 0: illegal mul
tibyte sequence
